// Jest Snapshot v1, https://goo.gl/fbAQLP

exports[`<Select /> should render with label (white) 1`] = `
.c0 {
  display: -webkit-box;
  display: -webkit-flex;
  display: -ms-flexbox;
  display: flex;
  -webkit-align-items: center;
  -webkit-box-align: center;
  -ms-flex-align: center;
  align-items: center;
}

.c1 {
  color: #2C3A4B;
  display: inline-block;
  font-family: Source Sans Pro,-apple-system,BlinkMacSystemFont,'Segoe UI',Roboto,Oxygen,Ubuntu,Cantarell,'Open Sans','Helvetica Neue',sans-serif;
  font-size: 1.6rem;
  font-weight: 600;
  padding: 1rem 3rem 1rem 2rem;
  border: 2px solid #ffffff00;
  border-radius: 0.4rem;
  outline: none;
  -webkit-appearance: none;
  -moz-appearance: none;
  appearance: none;
  background-color: #F4F6F9;
  background-image: url(data:image/png;base64,iVBORw0KGgoAAAANSUhEUgAAAEoAAABQCAYAAAC+neOMAAAABHNCSVQICAgIfAhkiAAAAAlwSFlzAAAOxAAADsQBlSsOGwAAA5tJREFUeJzt2s9rHGUYwPHvM9lpKjYQFENBEIzSelHwPxBMeuhNJYtxAioehKyiNw8ik148CFLqtpG9WEI6G38h1EhPQgTvnjVCD4pVPBg8eKhJ5vHS3Wzipju7O+/7TuH5nmZnZncePpmEd4eAZVmWZVmWZVmWZVmWZVmWZVnWEEmRk9I0jU6fOfPYvsgD5PkfjST5RUTU9XCuaq6tPRhFk7NM5Lf3pqd/euv8+duD3nNXqDRNo5mzZxuq+o4gD3cPKD9C/m5jaemrEub2VvPatScj5ENE5nt2/6Oqn8Qn4vder9f/Pu69x0K1Wq147/6pDYQXjjtHlZU3ll66MOLcXmu22/NRrtcRua/vCarbTERzjcXFX/sd7gvVarXi3VNTnwo8P3gEvdBIkpXiI/vvyvrGOY30usDJu52ncFMieaYfVnR0R7q1Vds9NZUVQwKQ9EqWrRSc2XtFkQAEZjXX71prnz9y9NghqHRrqzbz2+/rAgvDjVNNrGGQOgnM7tX2/od1CGrm1q0PEF4cbaxqYY2C1NOjuxO7m5du3Jjs7OhCfZRlT6jy9njjVQOr2W7Pj4EEgIg8VdvZea3zOurZWBCRQuuqAZcIitVst+dF+XocpJ66f4IOfvVUHi/hg+8UBqtkJODApAslogNXp0NexCtW+Uig8G9nu/eO+qGsCxzkB8sFEoCgXZPeO+ozhZ0yL3Tnk51iuUICEGh1trtQy0myI+jLqrpf9gVdYa1m2ZwrJJSPl5Pk287LQ+uoRpJsRsLivYC1mmVzObLpBAldf+hE7c3ePX2XA6tZtpArGyIy4WCIsb8bOkeK41fr9fqhm+XYdVNVsUIgwYDnUVXDCoUEBZ5wVgUrJBIUfBQcGuvy+sazRPpNKCQoCAXhsKqABENAgX+sqiDBkFDgD6tKSDACFLjH0jz6vkpIMCIUuMVS1X1HP4SRkGAMKHB9Z5Xd6EgwJhTcK1jjIUEJUFB1rPGRoCQoqCpWOUhQIhRUDas8JCgZCqqCVS4SOICC0FjlI4EjKAiF5QYJHEKBbyx3SOAYCnxhuUUCD1Dg/LuhcyTwBAWusPwggUcoKBvLHxJ4hoKysPwiQQAoGBfLPxIEgoJRscIgQUAoGBYrHBIEhoKiWGGRoM+/T/tuOUm+EOE5Vf3r6DFV3Ud5/8/t7VdCIkEF7qhOF69enY7jyQWBp4EY+FlEv1xOkpuhZ7Msy7Isy7Isy7IsyxrcfzNeLxtxSlaeAAAAAElFTkSuQmCC);
  background-repeat: no-repeat,repeat;
  background-position: right 0.7em top 50%,0px 0px;
  background-size: 0.65em,100%;
}

.c1:hover {
  background-color: #defdd9;
}

@media (min-width:768px) {
  .c1 {
    padding: 1.6rem 30px 1.6rem 20px;
  }
}

<div
  class="c0"
>
  <select
    class="c1"
    data-testid="select"
    id="Select"
    name="Select"
  >
    <option
      value="1"
    >
      Select
    </option>
  </select>
</div>
`
